0 == 0 success
0 < 1 success
1 > 0 success
1 <= 1 success
1 >= 1 success
